src/controllers/automation.controller.ts(217,45): error TS2448: Block-scoped variable 'targetPlatform' used before its declaration.
src/controllers/automation.controller.ts(217,45): error TS2454: Variable 'targetPlatform' is used before being assigned.
src/services/stripe.service.ts(12,3): error TS2322: Type '"2023-10-16"' is not assignable to type '"2026-01-28.clover"'.
